2024-08-13 12:57:42 - Starting system metrics collection.
2024-08-13 12:57:42 - Checking disk usage...
2024-08-13 12:57:42 - Disk Usage:
Filesystem      Size  Used Avail Use% Mounted on
udev            7.7G     0  7.7G   0% /dev
tmpfs           1.6G  2.4M  1.6G   1% /run
/dev/nvme0n1p1   94G   77G   12G  87% /
tmpfs           7.7G  111M  7.6G   2% /dev/shm
tmpfs           5.0M  4.0K  5.0M   1% /run/lock
tmpfs           7.7G     0  7.7G   0% /sys/fs/cgroup
/dev/loop0      128K  128K     0 100% /snap/bare/5
/dev/loop3       75M   75M     0 100% /snap/core22/1380
/dev/loop1       56M   56M     0 100% /snap/core18/2823
/dev/loop2       64M   64M     0 100% /snap/core20/2264
/dev/loop4       64M   64M     0 100% /snap/core20/2318
/dev/loop5      350M  350M     0 100% /snap/gnome-3-38-2004/143
/dev/loop6       66M   66M     0 100% /snap/gtk-common-themes/1519
/dev/loop13      64M   64M     0 100% /snap/sublime-text/177
/dev/loop7       75M   75M     0 100% /snap/core22/1439
/dev/loop9       56M   56M     0 100% /snap/core18/2829
/dev/loop15      64M   64M     0 100% /snap/sublime-text/156
/dev/loop10      92M   92M     0 100% /snap/gtk-common-themes/1535
/dev/loop14      88M   88M     0 100% /snap/teams-for-linux/649
/dev/loop12      39M   39M     0 100% /snap/snapd/21759
/dev/loop11      39M   39M     0 100% /snap/snapd/21465
/dev/loop16      55M   55M     0 100% /snap/snap-store/558
/dev/loop18      88M   88M     0 100% /snap/teams-for-linux/645
/dev/loop17      13M   13M     0 100% /snap/snap-store/1113
/dev/loop20     165M  165M     0 100% /snap/gnome-3-28-1804/198
/dev/loop19     506M  506M     0 100% /snap/gnome-42-2204/176
/dev/loop21     249M  249M     0 100% /snap/gnome-3-38-2004/99
/dev/loop8       84M   84M     0 100% /snap/outlook-for-linux/18
/dev/nvme0n1p3  976M   44M  932M   5% /boot/efi
/dev/nvme0n1p4  359G   48G  294G  14% /home
tmpfs           1.6G   76K  1.6G   1% /run/user/1000
2024-08-13 12:57:42 - Checking memory usage...
2024-08-13 12:57:42 - Memory Usage:
              total        used        free      shared  buff/cache   available
Mem:           15Gi       5.7Gi       4.5Gi       454Mi       5.2Gi       8.9Gi
Swap:          14Gi          0B        14Gi
2024-08-13 12:57:42 - Checking CPU load...
2024-08-13 12:57:42 - CPU Load:
%Cpu(s): 22.7 us,  7.1 sy,  0.0 ni, 70.1 id,  0.0 wa,  0.0 hi,  0.0 si,  0.0 st
2024-08-13 12:57:42 - System metrics collection completed successfully.
